22
22
27
0
24
12
19
12
18
11
20
12
13
21
7
21
10
38
11
44
