23410
32045
-1
-1
32726
31357
3593
42590
57073
27800
51475
-1
-1
-1
-1
-1
28397
-1
32969
40252
-1
26011
-1
19142
-1
-1
15634
9986
-1
11714
-1
17176
39008
-1
55391
13681
19484
34728
27805
18170
-1
53153
29752
57397
8829
-1
15486
-1
45138
2665
74472
31262
13063
24213
38114
28082
12364
13109
52648
21971
22794
53337
18334
-1
15467
19820
10224
-1
22185
-1
49354
23183
35062
-1
28490
33698
16209
-1
13690
25063
14839
5453
27917
29646
33227
8428
-1
23636
-1
42293
9877
50796
21037
24252
47129
27597
-1
16838
-1
-1
