0
7
19
17
20
18
18
26
20
16
0
12
10
13
11
11
19
13
9
0
2
7
3
5
13
7
3
0
5
1
3
11
5
1
0
6
6
14
8
4
0
4
12
6
2
0
8
6
2
0
14
10
0
4
0
-1
-1
-1
-1
-1
-1
-1
-1
-1
-1
-1
-1
-1
-1
-1
-1
-1
-1
-1
-1
-1
-1
-1
-1
-1
-1
-1
-1
-1
-1
-1
-1
-1
-1
-1
-1
-1
-1
-1
-1
-1
-1
-1
-1
-1
-1
-1
-1
-1
-1
-1
-1
-1
-1
-1
