0
0
0
0
0
0
0
0
0
0
0
0
0
0
0
0
0
0
0
0
0
0
0
0
0
0
0
0
0
0
0
0
0
0
0
0
0
0
0
0
0
0
0
0
0
0
0
0
0
0
0
0
0
0
0
0
0
0
0
0
0
0
0
0
0
0
0
0
0
0
0
0
0
0
0
0
0
0
0
0
0
0
0
0
0
0
0
0
0
0
0
0
0
0
0
0
0
0
0
0
14
16
25
13
25
23
29
16
6
26
20
21
18
14
11
19
22
25
25
22
21
20
30
22
36
27
34
20
26
16
22
26
15
19
21
28
17
22
11
18
18
10
31
15
6
29
12
10
9
20
15
23
17
32
9
24
8
28
23
5
32
16
21
22
29
16
20
30
16
10
23
28
18
9
31
18
19
15
8
17
14
27
15
33
25
27
18
33
26
15
6
19
25
6
15
16
33
21
14
34
